// Jest Snapshot v1, https://goo.gl/fbAQLP

exports[`matches snapshot 1`] = `
<DocumentFragment>
  <div
    class="redAlert alert alert-danger fade"
    role="alert"
  >
    For best results, enter a valid url. Also, the url you entered may be unreachable.
  </div>
</DocumentFragment>
`;
